RUN cnc015-n4-old jar=paper-1.21.11.jar java=jdk-26.0.2.1 client=26.1
boot=22.4s exit={"code":0,"sig":null} steps=15/15 ok  logLines=454  artifacts=E:\Programming\java\wt\_programme\runs\cnc015-n4-old--N4a-bounty-post-on-0.13.0
== WARN/ERROR (15 distinct; 4 harness-noise lines suppressed) ==
  1x STDERR [stderr] WARNING: Final field hashes in class io.papermc.paper.pluginremap.RemappedPluginIndex$State has been mutated reflectively by class com.google.gson.internal.bind.ReflectiveTypeAdapterFactory$2 in unnamed module @
  1x STDERR [stderr] WARNING: Use --enable-final-field-mutation=ALL-UNNAMED to avoid a warning
  1x STDERR [stderr] WARNING: Mutating final fields will be blocked in a future release unless final field mutation is enabled
  1x STDERR [stderr] WARNING: A terminally deprecated method in sun.misc.Unsafe has been called
  1x STDERR [stderr] WARNING: sun.misc.Unsafe::objectFieldOffset has been called by org.joml.MemUtil$MemUtilUnsafe (file:/E:/Programming/java/wt/_programme/servers/cnc015-n4-old/libraries/org/joml/joml/1.10.8/joml-1.10.8.jar)
  1x STDERR [stderr] WARNING: Please consider reporting this to the maintainers of class org.joml.MemUtil$MemUtilUnsafe
  1x STDERR [stderr] WARNING: sun.misc.Unsafe::objectFieldOffset will be removed in a future release
  3x ERROR No key layers in MapLike[{}]
  1x WARN [DeluxeMenus] Could not setup a NMS hook for your server version! The following Item options will not work: nbt_int, nbt_ints, nbt_string and nbt_strings.
  1x WARN [Oriel.VaultConfig] Vault is installed but no economy provider is registered — economy actions/requirements will no-op
  1x WARN [DeluxeMenus] Could not hook into Vault!
  1x WARN [DeluxeMenus] Found 'data' option for item: teststone in menu: basics_menu. This option is deprecated and will be removed soon. Please use 'damage' instead.
  1x WARN [ViaVersion] There is a newer plugin version available: 5.12.0, you're on: 5.12.0-SNAPSHOT
  1x WARN *** You are running an outdated version of Minecraft, which is 4 release(s) and 3 build(s) behind!
  1x WARN *** Please update to the latest stable version on https://papermc.io/downloads/paper ***
== EXCEPTIONS (0 distinct) ==
== FAILED STEPS (0) ==
== CHAT (last 27 of 27) ==
Poster joined the game
[ViaVersion] There is a newer plugin version available: 5.12.0, you're on: 5.12.0-SNAPSHOT
[Server: Made Target a server operator]
Target joined the game
Target joined the game
[ViaVersion] There is a newer plugin version available: 5.12.0, you're on: 5.12.0-SNAPSHOT
[Server: Made Hunter a server operator]
[Server: Made Hunter a server operator]
Hunter joined the game
Hunter joined the game
Hunter joined the game
[ViaVersion] There is a newer plugin version available: 5.12.0, you're on: 5.12.0-SNAPSHOT
GLW >> Your account balance has been set to $2,000.
GLW >> $500 has been taken from your account.
Bounty +500
GLW >> You have a bounty on your head!
GLW >> Bounty $500
[Server] CNCMARK:N4:POSTED
[Server] CNCMARK:N4:POSTED
[Server] CNCMARK:N4:POSTED
GLW >> Your account balance has been set to $0.
[END] disconnect.quitting
Poster left the game
Poster left the game
[END] disconnect.quitting
Target left the game
[END] disconnect.quitting
