RUN cnc015-default jar=paper-1.21.11.jar java=jdk-26.0.2.1 client=26.1
boot=20.4s exit={"code":0,"sig":null} steps=43/43 ok  logLines=522  artifacts=E:\Programming\java\wt\_programme\runs\cnc015-default--R1-reg-ladder-1-3-5
== WARN/ERROR (16 distinct; 4 harness-noise lines suppressed) ==
  1x STDERR [stderr] WARNING: Final field hashes in class io.papermc.paper.pluginremap.RemappedPluginIndex$State has been mutated reflectively by class com.google.gson.internal.bind.ReflectiveTypeAdapterFactory$2 in unnamed module @
  1x STDERR [stderr] WARNING: Use --enable-final-field-mutation=ALL-UNNAMED to avoid a warning
  1x STDERR [stderr] WARNING: Mutating final fields will be blocked in a future release unless final field mutation is enabled
  1x STDERR [stderr] WARNING: A terminally deprecated method in sun.misc.Unsafe has been called
  1x STDERR [stderr] WARNING: sun.misc.Unsafe::objectFieldOffset has been called by org.joml.MemUtil$MemUtilUnsafe (file:/E:/Programming/java/wt/_programme/servers/cnc015-default/libraries/org/joml/joml/1.10.8/joml-1.10.8.jar)
  1x STDERR [stderr] WARNING: Please consider reporting this to the maintainers of class org.joml.MemUtil$MemUtilUnsafe
  1x STDERR [stderr] WARNING: sun.misc.Unsafe::objectFieldOffset will be removed in a future release
  3x ERROR No key layers in MapLike[{}]
  1x WARN [DeluxeMenus] Could not setup a NMS hook for your server version! The following Item options will not work: nbt_int, nbt_ints, nbt_string and nbt_strings.
  1x WARN [Oriel.VaultConfig] Vault is installed but no economy provider is registered — economy actions/requirements will no-op
  1x WARN [DeluxeMenus] Could not hook into Vault!
  1x WARN [DeluxeMenus] Found 'data' option for item: teststone in menu: basics_menu. This option is deprecated and will be removed soon. Please use 'damage' instead.
  1x WARN [ViaVersion] There is a newer plugin version available: 5.12.0, you're on: 5.12.0-SNAPSHOT
  1x WARN *** You are running an outdated version of Minecraft, which is 4 release(s) and 3 build(s) behind!
  1x WARN *** Please update to the latest stable version on https://papermc.io/downloads/paper ***
  1x WARN [Cops N Crooks.JailIntakeService] No non-full jail available to admit Runner — releasing.
== EXCEPTIONS (0 distinct) ==
== FAILED STEPS (0) ==
== CHAT (last 30 of 87) ==
[actionbar] Break free - 0/25 (tap SNEAK!)
[DISPATCH] All units, be advised: Runner is wanted, level 5.
[GLW] Your wanted level has been increased ★★★★★.
[actionbar] Break free - 0/25 (tap SNEAK!)
[actionbar] Break free - 0/25 (tap SNEAK!)
[actionbar] Break free - 0/25 (tap SNEAK!)
[actionbar] Break free - 0/25 (tap SNEAK!)
[actionbar] Break free - 0/25 (tap SNEAK!)
[actionbar] Break free - 0/25 (tap SNEAK!)
[actionbar] Break free - 0/25 (tap SNEAK!)
[actionbar] Break free - 0/25 (tap SNEAK!)
[DISPATCH] Military units en route to Runner.
[RADIO] Military Commander Nick #1004: Eyes on Runner, east!
[RADIO] Military Commander Nick #1004: All units, engage! Defender up front, Assault go wide east!
[RADIO] Military Assault Carl #1009: Flanking west, keep him busy!
[RADIO] Military Defender Jim #1006: Defender up front, nobody gets past me!
[RADIO] Military Marksman Sue #1007: Overwatch in position, 39 blocks south, I have eyes on the suspect.
[Sue #1007] CNCCOP:R1-5
[Kate #1005] CNCCOP:R1-5
[Nick #1004] CNCCOP:R1-5
[Carl #1009] CNCCOP:R1-5
[Jim #1006] CNCCOP:R1-5
[Linda #1008] CNCCOP:R1-5
GLW >> Wanted Status:
★★★★★
[RADIO] Military Commander Nick #1004: Moving, cover me!
[Server] CNCMARK:STATUS:R1-5
[RADIO] Military Commander Nick #1004: Suspect cleared. Returning to patrol.
[GLW] Your wanted level has been cleared.
[END] disconnect.quitting
