
######## R3
== R3 ==
PASS   run 1: no server ERROR / org.luckyraven exception
FAIL   run 1: harness steps - 1 failed step(s)
FAIL   no star drop while cuffed
PASS   stars kept R3-cuffed-0 - [Runner] ★★☆☆☆ | [Runner/game_info] Break free - 0/25 (tap SNEAK!)
PASS   stars kept R3-cuffed-15 - [Runner] ★★☆☆☆ | [Runner/game_info] Break free - 0/25 (tap SNEAK!)
PASS   stars kept R3-cuffed-30 - [Runner] ★★☆☆☆ | [Runner] [RADIO] Sergeant Assault Eddie #1005: Moving.
PASS   intake reached
REVIEW stars cleared at intake - [Runner] ★☆☆☆☆ | [Runner/game_info] Break free - 0/25 (tap SNEAK!)
== REVIEW ==

######## R4
prep r4 FAILED, see E:/Programming/java/wt/_programme/runs/prep-r4.log

######## N2
== N2 ==
PASS   run 1: no server ERROR / org.luckyraven exception
PASS   run 1: harness steps - 0 failed step(s)
PASS   run 2: no server ERROR / org.luckyraven exception
PASS   run 2: harness steps - 0 failed step(s)
PASS   run 1: balance 5000 -> 5000, charge 0 (expected 0)
PASS   run 2: balance 5000 -> 5000, charge 0 (expected 0)
PASS   star fell
== PASS ==

######## N3
== N3 ==
PASS   run 1: no server ERROR / org.luckyraven exception
PASS   run 1: harness steps - 0 failed step(s)
PASS   run 1: balance 5000 -> 3750, charge 1250 (expected 1250)
PASS   star fell
== PASS ==

######## N3b
== N3b ==
PASS   run 1: no server ERROR / org.luckyraven exception
PASS   run 1: harness steps - 0 failed step(s)
PASS   run 1: balance 5000 -> 3500, charge 1500 (expected 1500)
PASS   exactly one "Money formula" warning over two drops - 1 seen
PASS   both stars fell
== PASS ==

######## N4
== N4 ==
PASS   run 1: no server ERROR / org.luckyraven exception
PASS   run 1: harness steps - 0 failed step(s)
PASS   run 2: no server ERROR / org.luckyraven exception
PASS   run 2: harness steps - 0 failed step(s)
PASS   phase A posted the bounty
PASS   first kill collects the 500 posted: Hunter 0 -> 500 - other kill rewards also show; read the transcript
PASS   second kill collects no posted money: 500 -> 500
== PASS ==

######## N5
== N5 ==
PASS   run 1: no server ERROR / org.luckyraven exception
FAIL   run 1: harness steps - 1 failed step(s)
       [Runner] [RADIO] Sergeant Pointman Vince #1000: Sergeant Assault Nick #1001, swing round and cover his left!
       [Runner] [RADIO] Sergeant Assault Carl #1002: Contact! Suspect 35 blocks east!
       [Runner] [RADIO] Sergeant Assault Nick #1001: Moving.
       [Runner] [RADIO] Sergeant Assault Nick #1001: Going wide south-west, I'll get behind him!
       [Runner] [Server] CNCMARK:N5:SHOT1
       [Runner] [RADIO] Sergeant Assault Carl #1002: Gunfire, he's close! Move in!
       [Runner] [Server] CNCMARK:N5:SHOT2
       [Runner] [Server] CNCMARK:STATUS:N5
REVIEW N5 best effort: read the transcript above against the pass line
== REVIEW ==

######## N6
== N6 ==
PASS   run 1: no server ERROR / org.luckyraven exception
PASS   run 1: harness steps - 0 failed step(s)
       [Runner] [DISPATCH] All units, be advised: Runner is wanted, level 1.
       [Runner] [GLW] Your wanted level has been increased ★☆☆☆☆.
       [Runner] [GLW] Your wanted level has been cleared.
       [Runner] GLW >> Wanted Status:
       [Runner] [Server] CNCMARK:STATUS:N6-cleared
       [Runner] GLW >> Wanted Status:
       [Runner] [Server] CNCMARK:STATUS:N6-after-hit
REVIEW N6 best effort: read the transcript above against the pass line
== REVIEW ==

######## N7
== N7 ==
PASS   run 1: no server ERROR / org.luckyraven exception
FAIL   run 1: harness steps - 1 failed step(s)
       [Runner] [Server] CNCMARK:BAL:before
       [Runner] [Server] CNCMARK:N7:CUFFED
       [Runner] [Server] CNCMARK:N7:SHEET
       [Runner] [Server] CNCMARK:BAL:after
       [Runner] [Server] CNCMARK:STATUS:N7
REVIEW N7 best effort: read the transcript above against the pass line
== REVIEW ==

######## N8
== N8 ==
PASS   run 1: no server ERROR / org.luckyraven exception
FAIL   run 1: harness steps - 2 failed step(s)
       [Runner] [RADIO] Lieutenant Commander Ann #1000: Lieutenant Pointman Ann #1001, take his back!
       [Runner] [RADIO] Lieutenant Defender Linda #1002: Contact! Suspect 33 blocks south-west!
       [Runner] [RADIO] Lieutenant Pointman Ann #1001: On it.
       [Runner] [RADIO] Lieutenant Commander Ann #1000: Squad, positions! Watch your sectors, south first!
       [Runner] [RADIO] Lieutenant Defender Linda #1002: Covering the squad, shields up!
       [Runner] [Server] CNCMARK:N8:KILL1
       [Runner] [RADIO] Lieutenant Marksman Dave #1003: Changing position!
       [Runner] [RADIO] Lieutenant Commander Ann #1000: Reloading, cover me!
       [Runner] [Server] CNCMARK:N8:KILL2
       [Runner] [RADIO] Lieutenant Commander Ann #1000: Changing position!
       [Runner] [RADIO] Lieutenant Defender Linda #1002: Changing mags!
       [Runner] [RADIO] Lieutenant Pointman Ann #1001: Changing position!
       [Runner] [Server] CNCMARK:N8:REGROUP
       [Runner] [RADIO] Lieutenant Marksman Dave #1003: Changing position!
       [Runner] [RADIO] Lieutenant Commander Ann #1000: Changing mags!
       [Runner] [RADIO] Lieutenant Pointman Ann #1001: Moving, cover me!
       [Runner] [RADIO] Lieutenant Marksman Dave #1003: Reloading the rifle, keep his head down!
       [Runner] [RADIO] Lieutenant Commander Ann #1000: Moving, cover me!
       [Runner] [RADIO] Lieutenant Commander Ann #1000: Moving, cover me!
       [Runner] [Server] CNCMARK:N8:PUSH
       [Runner] [RADIO] Lieutenant Pointman Ann #1001: Changing position!
REVIEW N8 best effort: read the transcript above against the pass line
== REVIEW ==

======== SUMMARY (0 = PASS, 1 = FAIL, 2 = REVIEW by a human, ERROR = could not run)
R3: 2
R4: ERROR
N2: 0
N3: 0
N3b: 0
N4: 0
N5: 2
N6: 2
N7: 2
N8: 2
Pass criterion for 0.15: R1 R2 R3 R4 N1 N2 N3 N4 all 0 (R1 and N4 may be 2 when only the human read-through is left).
